// Jest Snapshot v1, https://goo.gl/fbAQLP

exports[`Test Suite 1 SnapShot Testing for SongList using Mount 1`] = `ReactWrapper {}`;
